1
0
1
ASSEMBLY
1
BEAMINST
BEAM2D
1
BEAMINST
14
-2147483646
0
48 1 16 5 0 1 0 -1 -1 2904 1 -1879048189 1 2904 
14
48 1 16 5 0 1 0 -1 -1 2904 1 -1879048189 1 2904 
0
1
BEAMINST
14
-2147483646
0
48 1 16 5 0 1 0 -1 -1 5576 1 -1879048189 1 5576 
14
48 1 16 5 0 1 0 -1 -1 5576 1 -1879048189 1 5576 
0
0
1
BEAMINST
1
_G3
0
2
14
-2147483647
48 1 16 5 0 1 0 -1 -1 5576 1 -1879048189 1 5576 
0
0
0
5
CMOD1
0
1
0
1
BEAMINST
1
9 
0
CMOD2
0
1
0
1
BEAMINST
1
12 
0
LOAD_NODES
0
1
0
1
BEAMINST
3
275 276 277 
0
SUPPORT_LEFT
0
1
0
1
BEAMINST
1
129 
0
SUPPORT_RIGHT
0
1
0
1
BEAMINST
1
197 
0
1
BEAMINST
6
CMOD1
0
1
1
9 
0
0
CMOD2
0
1
1
12 
0
0
LOAD_NODES
0
1
3
275 276 277 
0
0
SUPPORT_LEFT
0
1
1
129 
0
0
SUPPORT_RIGHT
0
1
1
197 
0
0
_G3
0
2
14
-2147483647
48 1 16 5 0 1 0 -1 -1 2904 1 -1879048189 1 2904 
0
0
0
0
0
