Analysis initiated from SIMULIA established products
Abaqus JOB Gregoire_3PB_MATLAB_MATCH
Abaqus 2024
driverExceptions.FileDeletionError: ['C:\\Users\\jmavani\\OneDrive - University of New Mexico\\Desktop\\JOSS\\3PB\\abaqus\\Gregoire_3PB_MATLAB_MATCH.msg', 'C:\\Users\\jmavani\\OneDrive - University of New Mexico\\Desktop\\JOSS\\3PB\\abaqus\\Gregoire_3PB_MATLAB_MATCH.sta', 'C:\\Users\\jmavani\\OneDrive - University of New Mexico\\Desktop\\JOSS\\3PB\\abaqus\\Gregoire_3PB_MATLAB_MATCH.023', 'C:\\Users\\jmavani\\OneDrive - University of New Mexico\\Desktop\\JOSS\\3PB\\abaqus\\Gregoire_3PB_MATLAB_MATCH.dat', 'C:\\Users\\jmavani\\OneDrive - University of New Mexico\\Desktop\\JOSS\\3PB\\abaqus\\Gregoire_3PB_MATLAB_MATCH.stt', 'C:\\Users\\jmavani\\OneDrive - University of New Mexico\\Desktop\\JOSS\\3PB\\abaqus\\Gregoire_3PB_MATLAB_MATCH.mdl', 'C:\\Users\\jmavani\\OneDrive - University of New Mexico\\Desktop\\JOSS\\3PB\\abaqus\\Gregoire_3PB_MATLAB_MATCH.odb']

During handling of the above exception, another exception occurred:

driverExceptions.FileDeletionError: (['C:\\Users\\jmavani\\OneDrive - University of New Mexico\\Desktop\\JOSS\\3PB\\abaqus\\Gregoire_3PB_MATLAB_MATCH.msg', 'C:\\Users\\jmavani\\OneDrive - University of New Mexico\\Desktop\\JOSS\\3PB\\abaqus\\Gregoire_3PB_MATLAB_MATCH.sta', 'C:\\Users\\jmavani\\OneDriv5/30/2026 6:01:29 PM
End Abaqus/Standard Analysis
Begin SIM Wrap-up
5/30/2026 6:01:30 PM
Run SMASimUtility.exe
5/30/2026 6:01:30 PM
End SIM Wrap-up
!!! EXCEPTION:
!!!   System Error RemoveDirectory: Access is denied.

!!! TRACEBACK:
!!!   SMASimUttFileUtils::RemoveDir
!!!   SMASimFileCleaner::Teardown
!!!   SMASimFileCleaner_Teardown
!!!   ffi_prep_go_closure
!!!   ffi_call_go
!!!   ffi_call
!!!   DllCanUnloadNow
!!!   DllCanUnloadNow
!!!   <stack frame not available>
!!!   PyObject_MakeTpCall
!!!   PyEval_EvalFrameDefault
!!!   PyEval_Vector
!!!   PyFunction_Vectorcall
!!!   PyCell_Set
!!!   PyCell_Set
!!!   PyEval_EvalFrameDefault
!!!   PyEval_Vector
!!!   PyFunction_Vectorcall
!!!   PyCell_Set
!!!   PyCell_Set
!!!   PyEval_EvalFrameDefault
!!!   PyEval_Vector
!!!   PyFunction_Vectorcall
!!!   PyCell_Set
!!!   PyCell_Set
!!!   PyEval_EvalFrameDefault
!!!   PyEval_Vector
!!!   PyEval_EvalCode
!!!   PyErr_Display
!!!   PyErr_Display
!!!   PyErr_Display
!!!   PyRun_SimpleFileObject
!!!   PyRun_AnyFileObject
!!!   Py_RunMain
!!!   Py_RunMain
!!!   Py_RunMain
!!!   Py_RunMain
!!!   Py_Main
!!!   <stack frame not available>
!!!   <stack frame not available>
!!!   <stack frame not available>
!!!   BaseThreadInitThunk
!!!   RtlUserThreadStart
!!! EXCEPTION:
!!!   System Error RemoveDirectory: Access is denied.

!!! TRACEBACK:
!!!   SMASimUttFileUtils::RemoveDir
!!!   SMASimInterface_initializeC
!!!   _CxxFrameHandler4
!!!   <stack frame not available>
!!!   RtlCaptureContext2
!!!   SMASimFileCleaner::Teardown
!!!   SMASimFileCleaner_Teardown
!!!   ffi_prep_go_closure
!!!   ffi_call_go
!!!   ffi_call
!!!   DllCanUnloadNow
!!!   DllCanUnloadNow
!!!   <stack frame not available>
!!!   PyObject_MakeTpCall
!!!   PyEval_EvalFrameDefault
!!!   PyEval_Vector
!!!   PyFunction_Vectorcall
!!!   PyCell_Set
!!!   PyCell_Set
!!!   PyEval_EvalFrameDefault
!!!   PyEval_Vector
!!!   PyFunction_Vectorcall
!!!   PyCell_Set
!!!   PyCell_Set
!!!   PyEval_EvalFrameDefault
!!!   PyEval_Vector
!!!   PyFunction_Vectorcall
!!!   PyCell_Set
!!!   PyCell_Set
!!!   PyEval_EvalFrameDefault
!!!   PyEval_Vector
!!!   PyEval_EvalCode
!!!   PyErr_Display
!!!   PyErr_Display
!!!   PyErr_Display
!!!   PyRun_SimpleFileObject
!!!   PyRun_AnyFileObject
!!!   Py_RunMain
!!!   Py_RunMain
!!!   Py_RunMain
!!!   Py_RunMain
!!!   Py_Main
!!!   <stack frame not available>
!!!   <stack frame not available>
!!!   <stack frame not available>
!!!   BaseThreadInitThunk
!!!   RtlUserThreadStart
!!! Error in SMASimFileCleaner::RemoveDir "System Error RemoveDirectory: Access is denied.
"
!!! Failure to delete directory: "C:\Users\jmavani\OneDrive - University of New Mexico\Desktop\JOSS\3PB\abaqus\Gregoire_3PB_MATLAB_MATCH.simdir"
Abaqus JOB Gregoire_3PB_MATLAB_MATCH COMPLETED
Socket error: [WinError 10061] No connection could be made because the target machine actively refused it
